Copyright 1986-2020 Xilinx, Inc. All Rights Reserved.
----------------------------------------------------------------------------------------
| Tool Version : Vivado v.2020.2 (win64) Build 3064766 Wed Nov 18 09:12:45 MST 2020
| Date         : Tue Feb 21 10:57:40 2023
| Host         : SE227-04 running 64-bit major release  (build 9200)
| Command      : report_control_sets -verbose -file TP3_wrapper_control_sets_placed.rpt
| Design       : TP3_wrapper
| Device       : xc7a35t
----------------------------------------------------------------------------------------

Control Set Information

Table of Contents
-----------------
1. Summary
2. Histogram
3. Flip-Flop Distribution
4. Detailed Control Set Information

1. Summary
----------

+----------------------------------------------------------+-------+
|                          Status                          | Count |
+----------------------------------------------------------+-------+
| Total control sets                                       |    82 |
|    Minimum number of control sets                        |    82 |
|    Addition due to synthesis replication                 |     0 |
|    Addition due to physical synthesis replication        |     0 |
| Unused register locations in slices containing registers |   181 |
+----------------------------------------------------------+-------+
* Control sets can be merged at opt_design using control_set_merge or merge_equivalent_drivers
** Run report_qor_suggestions for automated merging and remapping suggestions


2. Histogram
------------

+--------------------+-------+
|       Fanout       | Count |
+--------------------+-------+
| Total control sets |    82 |
| >= 0 to < 4        |    10 |
| >= 4 to < 6        |    10 |
| >= 6 to < 8        |     5 |
| >= 8 to < 10       |    20 |
| >= 10 to < 12      |     3 |
| >= 12 to < 14      |     1 |
| >= 14 to < 16      |     1 |
| >= 16              |    32 |
+--------------------+-------+
* Control sets can be remapped at either synth_design or opt_design


3. Flip-Flop Distribution
-------------------------

+--------------+-----------------------+------------------------+-----------------+--------------+
| Clock Enable | Synchronous Set/Reset | Asynchronous Set/Reset | Total Registers | Total Slices |
+--------------+-----------------------+------------------------+-----------------+--------------+
| No           | No                    | No                     |             284 |           93 |
| No           | No                    | Yes                    |              29 |            9 |
| No           | Yes                   | No                     |             302 |          108 |
| Yes          | No                    | No                     |             250 |           70 |
| Yes          | No                    | Yes                    |              15 |            8 |
| Yes          | Yes                   | No                     |             843 |          248 |
+--------------+-----------------------+------------------------+-----------------+--------------+


4. Detailed Control Set Information
-----------------------------------

+-------------------------------------------------------+-------------------------------------------------------------------------------------------------------------------------------------------------------------------------------------------------------+-------------------------------------------------------------------------------------------------------------------------------------------+------------------+----------------+--------------+
|                      Clock Signal                     |                                                                                             Enable Signal                                                                                             |                                                              Set/Reset Signal                                                             | Slice Load Count | Bel Load Count | Bels / Slice |
+-------------------------------------------------------+-------------------------------------------------------------------------------------------------------------------------------------------------------------------------------------------------------+-------------------------------------------------------------------------------------------------------------------------------------------+------------------+----------------+--------------+
|  TP3_i/mdm_1/U0/No_Dbg_Reg_Access.BUFG_DRCK/Dbg_Clk_0 | TP3_i/mdm_1/U0/Use_E2.BSCAN_I/Use_BSCAN.PORT_Selector_reg[0]                                                                                                                                          | TP3_i/mdm_1/U0/MDM_Core_I1/JTAG_CONTROL_I/Functional_Reset                                                                                |                1 |              1 |         1.00 |
|  TP3_i/clk_wiz_1/inst/clk_out1                        |                                                                                                                                                                                                       | TP3_i/microblaze_0/U0/MicroBlaze_Core_I/Performance.Core/Use_Debug_Logic.Master_Core.Debug_Perf/capture_1                                 |                1 |              1 |         1.00 |
| ~TP3_i/mdm_1/U0/Use_E2.BSCAN_I/Dbg_Update_0_BUFG      |                                                                                                                                                                                                       | TP3_i/mdm_1/U0/MDM_Core_I1/JTAG_CONTROL_I/sel_n                                                                                           |                1 |              1 |         1.00 |
|  TP3_i/mdm_1/U0/Use_E2.BSCAN_I/Dbg_Update_0_BUFG      | TP3_i/microblaze_0/U0/MicroBlaze_Core_I/Performance.Core/Use_Debug_Logic.Master_Core.Debug_Perf/Control_Reg_En                                                                                        | TP3_i/microblaze_0/U0/MicroBlaze_Core_I/Performance.Core/Use_Debug_Logic.Master_Core.Debug_Perf/start_single_step_reg_n_0                 |                1 |              1 |         1.00 |
|  TP3_i/mdm_1/U0/Use_E2.BSCAN_I/Dbg_Update_0_BUFG      | TP3_i/microblaze_0/U0/MicroBlaze_Core_I/Performance.Core/Use_Debug_Logic.Master_Core.Debug_Perf/Control_Reg_En                                                                                        | TP3_i/microblaze_0/U0/MicroBlaze_Core_I/Performance.Core/Use_Debug_Logic.Master_Core.Debug_Perf/Serial_Dbg_Intf.force_stop_cmd_i_reg_0    |                1 |              1 |         1.00 |
|  TP3_i/mdm_1/U0/Use_E2.BSCAN_I/Dbg_Update_0_BUFG      | TP3_i/microblaze_0/U0/MicroBlaze_Core_I/Performance.Core/Use_Debug_Logic.Master_Core.Debug_Perf/Control_Reg_En                                                                                        | TP3_i/microblaze_0/U0/MicroBlaze_Core_I/Performance.Core/Use_Debug_Logic.Master_Core.Debug_Perf/Serial_Dbg_Intf.normal_stop_cmd_i_reg_n_0 |                1 |              1 |         1.00 |
|  TP3_i/mdm_1/U0/Use_E2.BSCAN_I/Dbg_Update_0_BUFG      | TP3_i/microblaze_0/U0/MicroBlaze_Core_I/Performance.Core/Use_Debug_Logic.Master_Core.Debug_Perf/Control_Reg_En                                                                                        | TP3_i/microblaze_0/U0/MicroBlaze_Core_I/Performance.Core/Use_Debug_Logic.Master_Core.Debug_Perf/Serial_Dbg_Intf.continue_from_brk_reg_n_0 |                1 |              1 |         1.00 |
| ~TP3_i/mdm_1/U0/No_Dbg_Reg_Access.BUFG_DRCK/Dbg_Clk_0 | TP3_i/mdm_1/U0/MDM_Core_I1/JTAG_CONTROL_I/Use_BSCAN.FDC_I/CE                                                                                                                                          | TP3_i/mdm_1/U0/MDM_Core_I1/JTAG_CONTROL_I/Use_BSCAN.FDC_I/D                                                                               |                1 |              1 |         1.00 |
|  TP3_i/mdm_1/U0/Use_E2.BSCAN_I/Dbg_Update_0_BUFG      | TP3_i/microblaze_0/U0/MicroBlaze_Core_I/Performance.Core/Use_Debug_Logic.Master_Core.Debug_Perf/Command_Reg_En                                                                                        | TP3_i/microblaze_0/U0/MicroBlaze_Core_I/Performance.Core/Use_Debug_Logic.Master_Core.Debug_Perf/command_reg_clear                         |                1 |              2 |         2.00 |
|  TP3_i/mdm_1/U0/Use_E2.BSCAN_I/Dbg_Update_0_BUFG      |                                                                                                                                                                                                       |                                                                                                                                           |                2 |              3 |         1.50 |
|  TP3_i/clk_wiz_1/inst/clk_out1                        |                                                                                                                                                                                                       | TP3_i/sw/U0/AXI_LITE_IPIF_I/I_SLAVE_ATTACHMENT/clear                                                                                      |                1 |              4 |         4.00 |
|  TP3_i/clk_wiz_1/inst/clk_out1                        |                                                                                                                                                                                                       | TP3_i/microblaze_0_axi_intc/U0/AXI_LITE_IPIF_I/I_SLAVE_ATTACHMENT/clear                                                                   |                1 |              4 |         4.00 |
|  TP3_i/clk_wiz_1/inst/clk_out1                        | TP3_i/sw/U0/AXI_LITE_IPIF_I/I_SLAVE_ATTACHMENT/I_DECODER/E[0]                                                                                                                                         | TP3_i/sw/U0/AXI_LITE_IPIF_I/I_SLAVE_ATTACHMENT/SR[0]                                                                                      |                2 |              4 |         2.00 |
|  TP3_i/mdm_1/U0/No_Dbg_Reg_Access.BUFG_DRCK/Dbg_Clk_0 | TP3_i/mdm_1/U0/MDM_Core_I1/TDI_Shifter0                                                                                                                                                               | TP3_i/mdm_1/U0/Use_E2.BSCAN_I/AR[0]                                                                                                       |                1 |              4 |         4.00 |
| ~TP3_i/mdm_1/U0/Use_E2.BSCAN_I/Dbg_Update_0_BUFG      |                                                                                                                                                                                                       | TP3_i/mdm_1/U0/Use_E2.BSCAN_I/AR[0]                                                                                                       |                1 |              4 |         4.00 |
|  TP3_i/clk_wiz_1/inst/clk_out1                        |                                                                                                                                                                                                       | TP3_i/sw/U0/gpio_core_1/Not_Dual.ALLIN1_ND.READ_REG_GEN[3].reg1[31]_i_1_n_0                                                               |                2 |              4 |         2.00 |
|  TP3_i/mdm_1/U0/Use_E2.BSCAN_I/Dbg_Update_0_BUFG      | TP3_i/mdm_1/U0/MDM_Core_I1/MDM_SEL                                                                                                                                                                    | TP3_i/mdm_1/U0/Use_E2.BSCAN_I/AR[0]                                                                                                       |                1 |              4 |         4.00 |
|  TP3_i/clk_wiz_1/inst/clk_out1                        |                                                                                                                                                                                                       | TP3_i/rst_clk_wiz_1_100M/U0/EXT_LPF/lpf_int                                                                                               |                1 |              5 |         5.00 |
|  TP3_i/clk_wiz_1/inst/clk_out1                        | TP3_i/microblaze_0/U0/MicroBlaze_Core_I/Performance.Core/Decode_I/wb_Halted                                                                                                                           | TP3_i/microblaze_0/U0/MicroBlaze_Core_I/sync_reset                                                                                        |                2 |              5 |         2.50 |
|  TP3_i/mdm_1/U0/Use_E2.BSCAN_I/Dbg_Update_0_BUFG      | TP3_i/microblaze_0/U0/MicroBlaze_Core_I/Performance.Core/Use_Debug_Logic.Master_Core.Debug_Perf/Control_Reg_En                                                                                        |                                                                                                                                           |                2 |              5 |         2.50 |
|  TP3_i/mdm_1/U0/No_Dbg_Reg_Access.BUFG_DRCK/Dbg_Clk_0 | TP3_i/mdm_1/U0/MDM_Core_I1/JTAG_CONTROL_I/Use_BSCAN.FDC_I/sample_1                                                                                                                                    |                                                                                                                                           |                1 |              6 |         6.00 |
|  TP3_i/clk_wiz_1/inst/clk_out1                        | TP3_i/rst_clk_wiz_1_100M/U0/SEQ/seq_cnt_en                                                                                                                                                            | TP3_i/rst_clk_wiz_1_100M/U0/SEQ/SEQ_COUNTER/clear                                                                                         |                1 |              6 |         6.00 |
|  TP3_i/clk_wiz_1/inst/clk_out1                        | TP3_i/sw/U0/AXI_LITE_IPIF_I/I_SLAVE_ATTACHMENT/s_axi_rresp_i                                                                                                                                          | TP3_i/sw/U0/AXI_LITE_IPIF_I/I_SLAVE_ATTACHMENT/SR[0]                                                                                      |                1 |              6 |         6.00 |
|  TP3_i/mdm_1/U0/No_Dbg_Reg_Access.BUFG_DRCK/Dbg_Clk_0 | TP3_i/mdm_1/U0/Use_E2.BSCAN_I/sel                                                                                                                                                                     |                                                                                                                                           |                2 |              6 |         3.00 |
|  TP3_i/mdm_1/U0/No_Dbg_Reg_Access.BUFG_DRCK/Dbg_Clk_0 | TP3_i/mdm_1/U0/Use_E2.BSCAN_I/Use_BSCAN.command_reg[6]                                                                                                                                                |                                                                                                                                           |                1 |              6 |         6.00 |
|  TP3_i/clk_wiz_1/inst/clk_out1                        | TP3_i/my_led_0/U0/my_led_v1_0_S00_AXI_inst/slv_reg0[15]_i_1_n_0                                                                                                                                       | TP3_i/my_led_0/U0/my_led_v1_0_S00_AXI_inst/slv_reg1[1]_i_1_n_0                                                                            |                1 |              8 |         8.00 |
|  TP3_i/clk_wiz_1/inst/clk_out1                        | TP3_i/sw/U0/AXI_LITE_IPIF_I/I_SLAVE_ATTACHMENT/bus2ip_addr_i[8]_i_1_n_0                                                                                                                               | TP3_i/sw/U0/AXI_LITE_IPIF_I/I_SLAVE_ATTACHMENT/SR[0]                                                                                      |                2 |              8 |         4.00 |
|  TP3_i/mdm_1/U0/No_Dbg_Reg_Access.BUFG_DRCK/Dbg_Clk_0 | TP3_i/microblaze_0/U0/MicroBlaze_Core_I/Performance.Core/Use_Debug_Logic.Master_Core.Debug_Perf/Using_PC_Breakpoints.All_PC_Brks[0].Serial_Interface_1.address_hit_I/Compare[0].SRLC16E_I/which_pc__0 |                                                                                                                                           |                7 |              8 |         1.14 |
|  TP3_i/mdm_1/U0/No_Dbg_Reg_Access.BUFG_DRCK/Dbg_Clk_0 | TP3_i/mdm_1/U0/MDM_Core_I1/JTAG_CONTROL_I/tdi_shifter0                                                                                                                                                |                                                                                                                                           |                2 |              8 |         4.00 |
| ~TP3_i/mdm_1/U0/Use_E2.BSCAN_I/Dbg_Update_0_BUFG      | TP3_i/mdm_1/U0/MDM_Core_I1/JTAG_CONTROL_I/Use_BSCAN.command[0]_i_1_n_0                                                                                                                                |                                                                                                                                           |                2 |              8 |         4.00 |
|  TP3_i/clk_wiz_1/inst/clk_out1                        | TP3_i/my_led_0/U0/my_led_v1_0_S00_AXI_inst/slv_reg1[23]_i_1_n_0                                                                                                                                       | TP3_i/my_led_0/U0/my_led_v1_0_S00_AXI_inst/slv_reg1[1]_i_1_n_0                                                                            |                1 |              8 |         8.00 |
|  TP3_i/clk_wiz_1/inst/clk_out1                        | TP3_i/microblaze_0_axi_intc/U0/AXI_LITE_IPIF_I/I_SLAVE_ATTACHMENT/bus2ip_addr_i[8]_i_1_n_0                                                                                                            | TP3_i/microblaze_0_axi_intc/U0/AXI_LITE_IPIF_I/I_SLAVE_ATTACHMENT/rst                                                                     |                2 |              8 |         4.00 |
|  TP3_i/clk_wiz_1/inst/clk_out1                        | TP3_i/my_led_0/U0/my_led_v1_0_S00_AXI_inst/slv_reg0[23]_i_1_n_0                                                                                                                                       | TP3_i/my_led_0/U0/my_led_v1_0_S00_AXI_inst/slv_reg1[1]_i_1_n_0                                                                            |                1 |              8 |         8.00 |
|  TP3_i/clk_wiz_1/inst/clk_out1                        | TP3_i/my_led_0/U0/my_led_v1_0_S00_AXI_inst/slv_reg1[31]_i_1_n_0                                                                                                                                       | TP3_i/my_led_0/U0/my_led_v1_0_S00_AXI_inst/slv_reg1[1]_i_1_n_0                                                                            |                1 |              8 |         8.00 |
|  TP3_i/clk_wiz_1/inst/clk_out1                        | TP3_i/my_led_0/U0/my_led_v1_0_S00_AXI_inst/slv_reg2[23]_i_1_n_0                                                                                                                                       | TP3_i/my_led_0/U0/my_led_v1_0_S00_AXI_inst/slv_reg1[1]_i_1_n_0                                                                            |                1 |              8 |         8.00 |
|  TP3_i/clk_wiz_1/inst/clk_out1                        | TP3_i/my_led_0/U0/my_led_v1_0_S00_AXI_inst/slv_reg2[7]_i_1_n_0                                                                                                                                        | TP3_i/my_led_0/U0/my_led_v1_0_S00_AXI_inst/slv_reg1[1]_i_1_n_0                                                                            |                1 |              8 |         8.00 |
|  TP3_i/clk_wiz_1/inst/clk_out1                        | TP3_i/my_led_0/U0/my_led_v1_0_S00_AXI_inst/p_1_in[15]                                                                                                                                                 | TP3_i/my_led_0/U0/my_led_v1_0_S00_AXI_inst/slv_reg1[1]_i_1_n_0                                                                            |                1 |              8 |         8.00 |
|  TP3_i/clk_wiz_1/inst/clk_out1                        | TP3_i/my_led_0/U0/my_led_v1_0_S00_AXI_inst/p_1_in[23]                                                                                                                                                 | TP3_i/my_led_0/U0/my_led_v1_0_S00_AXI_inst/slv_reg1[1]_i_1_n_0                                                                            |                1 |              8 |         8.00 |
|  TP3_i/clk_wiz_1/inst/clk_out1                        | TP3_i/my_led_0/U0/my_led_v1_0_S00_AXI_inst/p_1_in[7]                                                                                                                                                  | TP3_i/my_led_0/U0/my_led_v1_0_S00_AXI_inst/slv_reg1[1]_i_1_n_0                                                                            |                1 |              8 |         8.00 |
|  TP3_i/clk_wiz_1/inst/clk_out1                        | TP3_i/my_led_0/U0/my_led_v1_0_S00_AXI_inst/slv_reg2[31]_i_1_n_0                                                                                                                                       | TP3_i/my_led_0/U0/my_led_v1_0_S00_AXI_inst/slv_reg1[1]_i_1_n_0                                                                            |                2 |              8 |         4.00 |
|  TP3_i/clk_wiz_1/inst/clk_out1                        | TP3_i/my_led_0/U0/my_led_v1_0_S00_AXI_inst/slv_reg0[31]_i_1_n_0                                                                                                                                       | TP3_i/my_led_0/U0/my_led_v1_0_S00_AXI_inst/slv_reg1[1]_i_1_n_0                                                                            |                2 |              8 |         4.00 |
|  TP3_i/mdm_1/U0/Use_E2.BSCAN_I/Dbg_Update_0_BUFG      | TP3_i/mdm_1/U0/MDM_Core_I1/JTAG_CONTROL_I/Use_BSCAN.FDC_I/command_10                                                                                                                                  |                                                                                                                                           |                1 |              8 |         8.00 |
|  TP3_i/clk_wiz_1/inst/clk_out1                        | TP3_i/my_led_0/U0/my_led_v1_0_S00_AXI_inst/slv_reg2[15]_i_1_n_0                                                                                                                                       | TP3_i/my_led_0/U0/my_led_v1_0_S00_AXI_inst/slv_reg1[1]_i_1_n_0                                                                            |                1 |              8 |         8.00 |
|  TP3_i/clk_wiz_1/inst/clk_out1                        | TP3_i/my_led_0/U0/my_led_v1_0_S00_AXI_inst/p_1_in[31]                                                                                                                                                 | TP3_i/my_led_0/U0/my_led_v1_0_S00_AXI_inst/slv_reg1[1]_i_1_n_0                                                                            |                1 |              8 |         8.00 |
|  TP3_i/clk_wiz_1/inst/clk_out1                        | TP3_i/my_led_0/U0/my_led_v1_0_S00_AXI_inst/slv_reg1[15]_i_1_n_0                                                                                                                                       | TP3_i/my_led_0/U0/my_led_v1_0_S00_AXI_inst/slv_reg1[1]_i_1_n_0                                                                            |                2 |              8 |         4.00 |
|  TP3_i/clk_wiz_1/inst/clk_out1                        |                                                                                                                                                                                                       | TP3_i/my_led_0/U0/my_led_v1_0_S00_AXI_inst/slv_reg1[1]_i_1_n_0                                                                            |                3 |             10 |         3.33 |
|  TP3_i/mdm_1/U0/No_Dbg_Reg_Access.BUFG_DRCK/Dbg_Clk_0 | TP3_i/mdm_1/U0/MDM_Core_I1/JTAG_CONTROL_I/Use_BSCAN.FDC_I/Use_Serial_Unified_Completion.completion_block_reg                                                                                          |                                                                                                                                           |                4 |             10 |         2.50 |
|  TP3_i/clk_wiz_1/inst/clk_out1                        |                                                                                                                                                                                                       | TP3_i/microblaze_0_axi_intc/U0/AXI_LITE_IPIF_I/I_SLAVE_ATTACHMENT/rst                                                                     |                5 |             11 |         2.20 |
|  TP3_i/clk_wiz_1/inst/clk_out1                        |                                                                                                                                                                                                       | TP3_i/microblaze_0_axi_periph/xbar/inst/gen_sasd.crossbar_sasd_0/addr_arbiter_inst/SR[0]                                                  |                4 |             13 |         3.25 |
|  TP3_i/clk_wiz_1/inst/clk_out1                        | TP3_i/microblaze_0_axi_periph/xbar/inst/gen_sasd.crossbar_sasd_0/reg_slice_r/aa_rready                                                                                                                |                                                                                                                                           |                6 |             15 |         2.50 |
|  TP3_i/clk_wiz_1/inst/clk_out1                        | TP3_i/microblaze_0/U0/MicroBlaze_Core_I/Performance.Core/Decode_I/PreFetch_Buffer_I1/Instruction_Prefetch_Mux[4].Gen_Instr_DFF/E[0]                                                                   | TP3_i/microblaze_0/U0/MicroBlaze_Core_I/sync_reset                                                                                        |                6 |             16 |         2.67 |
|  TP3_i/clk_wiz_1/inst/clk_out1                        | TP3_i/my_led_0/U0/my_led_v1_0_S00_AXI_inst/slv_reg1[1]_i_2_n_0                                                                                                                                        | TP3_i/my_led_0/U0/my_led_v1_0_S00_AXI_inst/slv_reg1[1]_i_1_n_0                                                                            |                5 |             16 |         3.20 |
|  TP3_i/clk_wiz_1/inst/clk_out1                        | TP3_i/my_led_0/U0/my_led_v1_0_S00_AXI_inst/slv_reg0[1]_i_1_n_0                                                                                                                                        | TP3_i/my_led_0/U0/my_led_v1_0_S00_AXI_inst/slv_reg1[1]_i_1_n_0                                                                            |                4 |             16 |         4.00 |
|  TP3_i/clk_wiz_1/inst/clk_out1                        | TP3_i/microblaze_0_axi_intc/U0/AXI_LITE_IPIF_I/I_SLAVE_ATTACHMENT/start2                                                                                                                              | TP3_i/microblaze_0_axi_intc/U0/AXI_LITE_IPIF_I/I_SLAVE_ATTACHMENT/I_DECODER/cs_ce_clr                                                     |                5 |             19 |         3.80 |
|  TP3_i/clk_wiz_1/inst/clk_out1                        | TP3_i/microblaze_0/U0/MicroBlaze_Core_I/Performance.Core/Decode_I/mem_wait_on_ready_N_carry_or/MUXCY_I/lopt_1                                                                                         | TP3_i/microblaze_0/U0/MicroBlaze_Core_I/sync_reset                                                                                        |                8 |             21 |         2.62 |
|  TP3_i/clk_wiz_1/inst/clk_out1                        | TP3_i/sw/U0/AXI_LITE_IPIF_I/I_SLAVE_ATTACHMENT/start2                                                                                                                                                 | TP3_i/sw/U0/AXI_LITE_IPIF_I/I_SLAVE_ATTACHMENT/I_DECODER/cs_ce_clr                                                                        |                4 |             21 |         5.25 |
|  TP3_i/clk_wiz_1/inst/clk_out1                        |                                                                                                                                                                                                       | TP3_i/microblaze_0_axi_intc/U0/INTC_CORE_I/s_axi_aresetn_0                                                                                |                7 |             22 |         3.14 |
|  TP3_i/clk_wiz_1/inst/clk_out1                        | TP3_i/microblaze_0_axi_periph/xbar/inst/gen_sasd.crossbar_sasd_0/addr_arbiter_inst/p_0_in1_in                                                                                                         | TP3_i/microblaze_0_axi_periph/xbar/inst/gen_sasd.crossbar_sasd_0/addr_arbiter_inst/SR[0]                                                  |                6 |             23 |         3.83 |
|  TP3_i/mdm_1/U0/No_Dbg_Reg_Access.BUFG_DRCK/Dbg_Clk_0 |                                                                                                                                                                                                       | TP3_i/mdm_1/U0/Use_E2.BSCAN_I/Use_E2.BSCANE2_I_0                                                                                          |                6 |             23 |         3.83 |
|  TP3_i/clk_wiz_1/inst/clk_out1                        |                                                                                                                                                                                                       | TP3_i/microblaze_0/U0/MicroBlaze_Core_I/Performance.Core/wb_dlmb_valid_read_data0                                                         |               11 |             32 |         2.91 |
|  TP3_i/clk_wiz_1/inst/clk_out1                        | TP3_i/microblaze_0_axi_periph/xbar/inst/gen_sasd.crossbar_sasd_0/addr_arbiter_inst/s_axi_rvalid[0]                                                                                                    | TP3_i/microblaze_0/U0/MicroBlaze_Core_I/sync_reset                                                                                        |                9 |             32 |         3.56 |
|  TP3_i/clk_wiz_1/inst/clk_out1                        | TP3_i/my_led_0/U0/my_led_v1_0_S00_AXI_inst/slv_reg_rden                                                                                                                                               | TP3_i/my_led_0/U0/my_led_v1_0_S00_AXI_inst/slv_reg1[1]_i_1_n_0                                                                            |                9 |             32 |         3.56 |
|  TP3_i/clk_wiz_1/inst/clk_out1                        | TP3_i/microblaze_0_axi_intc/U0/INTC_CORE_I/irq                                                                                                                                                        |                                                                                                                                           |                6 |             32 |         5.33 |
|  TP3_i/mdm_1/U0/No_Dbg_Reg_Access.BUFG_DRCK/Dbg_Clk_0 | TP3_i/microblaze_0/U0/MicroBlaze_Core_I/Performance.Core/Use_Debug_Logic.Master_Core.Debug_Perf/New_Dbg_Instr_TCK                                                                                     |                                                                                                                                           |               10 |             32 |         3.20 |
|  TP3_i/clk_wiz_1/inst/clk_out1                        | TP3_i/microblaze_0/U0/MicroBlaze_Core_I/Performance.Core/Decode_I/Use_MuxCy[3].OF_Piperun_Stage/MUXCY_I/E[0]                                                                                          | TP3_i/microblaze_0/U0/MicroBlaze_Core_I/sync_reset                                                                                        |                8 |             32 |         4.00 |
|  TP3_i/clk_wiz_1/inst/clk_out1                        | TP3_i/microblaze_0/U0/MicroBlaze_Core_I/Performance.Core/Decode_I/Use_MuxCy[3].OF_Piperun_Stage/MUXCY_I/Using_FPGA.Native_0                                                                           | TP3_i/microblaze_0/U0/MicroBlaze_Core_I/Performance.Core/Decode_I/R                                                                       |               10 |             32 |         3.20 |
|  TP3_i/clk_wiz_1/inst/clk_out1                        | TP3_i/microblaze_0/U0/MicroBlaze_Core_I/Performance.Core/Use_Debug_Logic.Master_Core.Debug_Perf/data_rd_reg[0]_i_1_n_0                                                                                | TP3_i/microblaze_0/U0/MicroBlaze_Core_I/sync_reset                                                                                        |               12 |             32 |         2.67 |
|  TP3_i/clk_wiz_1/inst/clk_out1                        | TP3_i/microblaze_0/U0/MicroBlaze_Core_I/Performance.Core/Decode_I/mem_wait_on_ready_N_carry_or/MUXCY_I/lopt_1                                                                                         | TP3_i/microblaze_0/U0/MicroBlaze_Core_I/Performance.Core/Decode_I/SR[0]                                                                   |                8 |             32 |         4.00 |
|  TP3_i/clk_wiz_1/inst/clk_out1                        | TP3_i/microblaze_0/U0/MicroBlaze_Core_I/Performance.Core/Decode_I/PreFetch_Buffer_I1/Gen_Mux_Select_LUT6[2].Gen_Sel_DFF/Using_FPGA.Native_1[0]                                                        | TP3_i/microblaze_0/U0/MicroBlaze_Core_I/sync_reset                                                                                        |               10 |             32 |         3.20 |
|  TP3_i/clk_wiz_1/inst/clk_out1                        | TP3_i/microblaze_0_axi_intc/U0/AXI_LITE_IPIF_I/I_SLAVE_ATTACHMENT/s_axi_rresp_i                                                                                                                       | TP3_i/microblaze_0_axi_intc/U0/AXI_LITE_IPIF_I/I_SLAVE_ATTACHMENT/rst                                                                     |               11 |             32 |         2.91 |
|  TP3_i/clk_wiz_1/inst/clk_out1                        | TP3_i/microblaze_0_axi_periph/xbar/inst/gen_sasd.crossbar_sasd_0/addr_arbiter_inst/E[0]                                                                                                               |                                                                                                                                           |               11 |             33 |         3.00 |
|  TP3_i/clk_wiz_1/inst/clk_out1                        | TP3_i/microblaze_0/U0/MicroBlaze_Core_I/Performance.Core/Decode_I/mem_wait_on_ready_N_carry_or/MUXCY_I/lopt_1                                                                                         |                                                                                                                                           |               10 |             34 |         3.40 |
|  TP3_i/clk_wiz_1/inst/clk_out1                        |                                                                                                                                                                                                       | TP3_i/sw/U0/AXI_LITE_IPIF_I/I_SLAVE_ATTACHMENT/SR[0]                                                                                      |               11 |             40 |         3.64 |
|  TP3_i/mdm_1/U0/No_Dbg_Reg_Access.BUFG_DRCK/Dbg_Clk_0 | TP3_i/mdm_1/U0/Use_E2.BSCAN_I/Use_BSCAN.PORT_Selector_reg[0]                                                                                                                                          |                                                                                                                                           |               12 |             47 |         3.92 |
|  TP3_i/clk_wiz_1/inst/clk_out1                        | TP3_i/microblaze_0_axi_intc/U0/AXI_LITE_IPIF_I/I_SLAVE_ATTACHMENT/I_DECODER/bus2ip_wrce[0]                                                                                                            |                                                                                                                                           |                8 |             64 |         8.00 |
|  TP3_i/clk_wiz_1/inst/clk_out1                        | TP3_i/microblaze_0/U0/MicroBlaze_Core_I/Performance.Core/Decode_I/PreFetch_Buffer_I1/Instruction_Prefetch_Mux[42].Instr_Mux_MUXF7/IReady_0                                                            |                                                                                                                                           |               10 |             75 |         7.50 |
|  TP3_i/mdm_1/U0/No_Dbg_Reg_Access.BUFG_DRCK/Dbg_Clk_0 |                                                                                                                                                                                                       |                                                                                                                                           |               31 |             80 |         2.58 |
|  TP3_i/clk_wiz_1/inst/clk_out1                        | TP3_i/microblaze_0/U0/MicroBlaze_Core_I/Performance.Core/Decode_I/Use_MuxCy[3].OF_Piperun_Stage/MUXCY_I/Using_FPGA.Native_0                                                                           | TP3_i/microblaze_0/U0/MicroBlaze_Core_I/sync_reset                                                                                        |               27 |             84 |         3.11 |
|  TP3_i/clk_wiz_1/inst/clk_out1                        | TP3_i/microblaze_0/U0/MicroBlaze_Core_I/Performance.Core/Decode_I/WB_GPR_Wr                                                                                                                           |                                                                                                                                           |               16 |            128 |         8.00 |
|  TP3_i/clk_wiz_1/inst/clk_out1                        |                                                                                                                                                                                                       | TP3_i/microblaze_0/U0/MicroBlaze_Core_I/sync_reset                                                                                        |               62 |            157 |         2.53 |
|  TP3_i/clk_wiz_1/inst/clk_out1                        |                                                                                                                                                                                                       |                                                                                                                                           |               65 |            218 |         3.35 |
|  TP3_i/clk_wiz_1/inst/clk_out1                        | TP3_i/microblaze_0/U0/MicroBlaze_Core_I/Performance.Core/Decode_I/Use_MuxCy[11].OF_Piperun_Stage/MUXCY_I/Using_FPGA.Native_0                                                                          | TP3_i/microblaze_0/U0/MicroBlaze_Core_I/sync_reset                                                                                        |               78 |            221 |         2.83 |
+-------------------------------------------------------+-------------------------------------------------------------------------------------------------------------------------------------------------------------------------------------------------------+-------------------------------------------------------------------------------------------------------------------------------------------+------------------+----------------+--------------+


