Copyright 1986-2020 Xilinx, Inc. All Rights Reserved.
----------------------------------------------------------------------------------------
| Tool Version : Vivado v.2020.2 (win64) Build 3064766 Wed Nov 18 09:12:45 MST 2020
| Date         : Tue Feb 14 10:08:03 2023
| Host         : SE227-10 running 64-bit major release  (build 9200)
| Command      : report_control_sets -verbose -file TP2_wrapper_control_sets_placed.rpt
| Design       : TP2_wrapper
| Device       : xc7a35t
----------------------------------------------------------------------------------------

Control Set Information

Table of Contents
-----------------
1. Summary
2. Histogram
3. Flip-Flop Distribution
4. Detailed Control Set Information

1. Summary
----------

+----------------------------------------------------------+-------+
|                          Status                          | Count |
+----------------------------------------------------------+-------+
| Total control sets                                       |    70 |
|    Minimum number of control sets                        |    70 |
|    Addition due to synthesis replication                 |     0 |
|    Addition due to physical synthesis replication        |     0 |
| Unused register locations in slices containing registers |   201 |
+----------------------------------------------------------+-------+
* Control sets can be merged at opt_design using control_set_merge or merge_equivalent_drivers
** Run report_qor_suggestions for automated merging and remapping suggestions


2. Histogram
------------

+--------------------+-------+
|       Fanout       | Count |
+--------------------+-------+
| Total control sets |    70 |
| >= 0 to < 4        |    10 |
| >= 4 to < 6        |    11 |
| >= 6 to < 8        |     4 |
| >= 8 to < 10       |     7 |
| >= 10 to < 12      |     2 |
| >= 12 to < 14      |     1 |
| >= 14 to < 16      |     1 |
| >= 16              |    34 |
+--------------------+-------+
* Control sets can be remapped at either synth_design or opt_design


3. Flip-Flop Distribution
-------------------------

+--------------+-----------------------+------------------------+-----------------+--------------+
| Clock Enable | Synchronous Set/Reset | Asynchronous Set/Reset | Total Registers | Total Slices |
+--------------+-----------------------+------------------------+-----------------+--------------+
| No           | No                    | No                     |             311 |           96 |
| No           | No                    | Yes                    |              29 |            8 |
| No           | Yes                   | No                     |             373 |          129 |
| Yes          | No                    | No                     |             250 |           65 |
| Yes          | No                    | Yes                    |              15 |            8 |
| Yes          | Yes                   | No                     |             741 |          231 |
+--------------+-----------------------+------------------------+-----------------+--------------+


4. Detailed Control Set Information
-----------------------------------

+-------------------------------------------------------+-------------------------------------------------------------------------------------------------------------------------------------------------------------------------------------------------------+-------------------------------------------------------------------------------------------------------------------------------------------+------------------+----------------+--------------+
|                      Clock Signal                     |                                                                                             Enable Signal                                                                                             |                                                              Set/Reset Signal                                                             | Slice Load Count | Bel Load Count | Bels / Slice |
+-------------------------------------------------------+-------------------------------------------------------------------------------------------------------------------------------------------------------------------------------------------------------+-------------------------------------------------------------------------------------------------------------------------------------------+------------------+----------------+--------------+
|  TP2_i/mdm_1/U0/Use_E2.BSCAN_I/Dbg_Update_0_BUFG      | TP2_i/microblaze_0/U0/MicroBlaze_Core_I/Performance.Core/Use_Debug_Logic.Master_Core.Debug_Perf/Control_Reg_En                                                                                        | TP2_i/microblaze_0/U0/MicroBlaze_Core_I/Performance.Core/Use_Debug_Logic.Master_Core.Debug_Perf/Serial_Dbg_Intf.force_stop_cmd_i_reg_0    |                1 |              1 |         1.00 |
|  TP2_i/mdm_1/U0/Use_E2.BSCAN_I/Dbg_Update_0_BUFG      | TP2_i/microblaze_0/U0/MicroBlaze_Core_I/Performance.Core/Use_Debug_Logic.Master_Core.Debug_Perf/Control_Reg_En                                                                                        | TP2_i/microblaze_0/U0/MicroBlaze_Core_I/Performance.Core/Use_Debug_Logic.Master_Core.Debug_Perf/Serial_Dbg_Intf.continue_from_brk_reg_n_0 |                1 |              1 |         1.00 |
| ~TP2_i/mdm_1/U0/Use_E2.BSCAN_I/Dbg_Update_0_BUFG      |                                                                                                                                                                                                       | TP2_i/mdm_1/U0/MDM_Core_I1/JTAG_CONTROL_I/sel_n                                                                                           |                1 |              1 |         1.00 |
|  TP2_i/mdm_1/U0/Use_E2.BSCAN_I/Dbg_Update_0_BUFG      | TP2_i/microblaze_0/U0/MicroBlaze_Core_I/Performance.Core/Use_Debug_Logic.Master_Core.Debug_Perf/Control_Reg_En                                                                                        | TP2_i/microblaze_0/U0/MicroBlaze_Core_I/Performance.Core/Use_Debug_Logic.Master_Core.Debug_Perf/Serial_Dbg_Intf.normal_stop_cmd_i_reg_n_0 |                1 |              1 |         1.00 |
|  TP2_i/mdm_1/U0/No_Dbg_Reg_Access.BUFG_DRCK/Dbg_Clk_0 | TP2_i/mdm_1/U0/Use_E2.BSCAN_I/Use_BSCAN.PORT_Selector_reg[0]                                                                                                                                          | TP2_i/mdm_1/U0/MDM_Core_I1/JTAG_CONTROL_I/Functional_Reset                                                                                |                1 |              1 |         1.00 |
| ~TP2_i/mdm_1/U0/No_Dbg_Reg_Access.BUFG_DRCK/Dbg_Clk_0 | TP2_i/mdm_1/U0/MDM_Core_I1/JTAG_CONTROL_I/Use_BSCAN.FDC_I/CE                                                                                                                                          | TP2_i/mdm_1/U0/MDM_Core_I1/JTAG_CONTROL_I/Use_BSCAN.FDC_I/D                                                                               |                1 |              1 |         1.00 |
|  TP2_i/mdm_1/U0/Use_E2.BSCAN_I/Dbg_Update_0_BUFG      | TP2_i/microblaze_0/U0/MicroBlaze_Core_I/Performance.Core/Use_Debug_Logic.Master_Core.Debug_Perf/Control_Reg_En                                                                                        | TP2_i/microblaze_0/U0/MicroBlaze_Core_I/Performance.Core/Use_Debug_Logic.Master_Core.Debug_Perf/start_single_step_reg_n_0                 |                1 |              1 |         1.00 |
|  TP2_i/clk_wiz_1/inst/clk_out1                        |                                                                                                                                                                                                       | TP2_i/microblaze_0/U0/MicroBlaze_Core_I/Performance.Core/Use_Debug_Logic.Master_Core.Debug_Perf/capture_1                                 |                1 |              1 |         1.00 |
|  TP2_i/mdm_1/U0/Use_E2.BSCAN_I/Dbg_Update_0_BUFG      | TP2_i/microblaze_0/U0/MicroBlaze_Core_I/Performance.Core/Use_Debug_Logic.Master_Core.Debug_Perf/Command_Reg_En                                                                                        | TP2_i/microblaze_0/U0/MicroBlaze_Core_I/Performance.Core/Use_Debug_Logic.Master_Core.Debug_Perf/command_reg_clear                         |                1 |              2 |         2.00 |
|  TP2_i/mdm_1/U0/Use_E2.BSCAN_I/Dbg_Update_0_BUFG      |                                                                                                                                                                                                       |                                                                                                                                           |                2 |              3 |         1.50 |
|  TP2_i/mdm_1/U0/No_Dbg_Reg_Access.BUFG_DRCK/Dbg_Clk_0 | TP2_i/mdm_1/U0/MDM_Core_I1/TDI_Shifter0                                                                                                                                                               | TP2_i/mdm_1/U0/Use_E2.BSCAN_I/AR[0]                                                                                                       |                1 |              4 |         4.00 |
|  TP2_i/mdm_1/U0/Use_E2.BSCAN_I/Dbg_Update_0_BUFG      | TP2_i/mdm_1/U0/MDM_Core_I1/MDM_SEL                                                                                                                                                                    | TP2_i/mdm_1/U0/Use_E2.BSCAN_I/AR[0]                                                                                                       |                1 |              4 |         4.00 |
| ~TP2_i/mdm_1/U0/Use_E2.BSCAN_I/Dbg_Update_0_BUFG      |                                                                                                                                                                                                       | TP2_i/mdm_1/U0/Use_E2.BSCAN_I/AR[0]                                                                                                       |                1 |              4 |         4.00 |
|  TP2_i/clk_wiz_1/inst/clk_out1                        |                                                                                                                                                                                                       | TP2_i/microblaze_0_axi_intc/U0/AXI_LITE_IPIF_I/I_SLAVE_ATTACHMENT/INCLUDE_DPHASE_TIMER.dpto_cnt[3]_i_1_n_0                                |                1 |              4 |         4.00 |
|  TP2_i/clk_wiz_1/inst/clk_out1                        |                                                                                                                                                                                                       | TP2_i/led_switch/U0/AXI_LITE_IPIF_I/I_SLAVE_ATTACHMENT/clear                                                                              |                1 |              4 |         4.00 |
|  TP2_i/clk_wiz_1/inst/clk_out1                        |                                                                                                                                                                                                       | TP2_i/boutons/U0/AXI_LITE_IPIF_I/I_SLAVE_ATTACHMENT/clear                                                                                 |                1 |              4 |         4.00 |
|  TP2_i/clk_wiz_1/inst/clk_out1                        | TP2_i/led_switch/U0/AXI_LITE_IPIF_I/I_SLAVE_ATTACHMENT/I_DECODER/E[0]                                                                                                                                 | TP2_i/led_switch/U0/AXI_LITE_IPIF_I/I_SLAVE_ATTACHMENT/SR[0]                                                                              |                1 |              4 |         4.00 |
|  TP2_i/clk_wiz_1/inst/clk_out1                        | TP2_i/microblaze_0/U0/MicroBlaze_Core_I/Performance.Core/Decode_I/wb_Halted                                                                                                                           | TP2_i/microblaze_0/U0/MicroBlaze_Core_I/sync_reset                                                                                        |                1 |              5 |         5.00 |
|  TP2_i/clk_wiz_1/inst/clk_out1                        | TP2_i/boutons/U0/AXI_LITE_IPIF_I/I_SLAVE_ATTACHMENT/s_axi_rresp_i                                                                                                                                     | TP2_i/boutons/U0/AXI_LITE_IPIF_I/I_SLAVE_ATTACHMENT/SR[0]                                                                                 |                1 |              5 |         5.00 |
|  TP2_i/clk_wiz_1/inst/clk_out1                        |                                                                                                                                                                                                       | TP2_i/rst_clk_wiz_1_100M/U0/EXT_LPF/lpf_int                                                                                               |                2 |              5 |         2.50 |
|  TP2_i/mdm_1/U0/Use_E2.BSCAN_I/Dbg_Update_0_BUFG      | TP2_i/microblaze_0/U0/MicroBlaze_Core_I/Performance.Core/Use_Debug_Logic.Master_Core.Debug_Perf/Control_Reg_En                                                                                        |                                                                                                                                           |                4 |              5 |         1.25 |
|  TP2_i/mdm_1/U0/No_Dbg_Reg_Access.BUFG_DRCK/Dbg_Clk_0 | TP2_i/mdm_1/U0/MDM_Core_I1/JTAG_CONTROL_I/Use_BSCAN.FDC_I/sample_1                                                                                                                                    |                                                                                                                                           |                2 |              6 |         3.00 |
|  TP2_i/mdm_1/U0/No_Dbg_Reg_Access.BUFG_DRCK/Dbg_Clk_0 | TP2_i/mdm_1/U0/Use_E2.BSCAN_I/Use_BSCAN.command_reg[6]                                                                                                                                                |                                                                                                                                           |                1 |              6 |         6.00 |
|  TP2_i/mdm_1/U0/No_Dbg_Reg_Access.BUFG_DRCK/Dbg_Clk_0 | TP2_i/mdm_1/U0/Use_E2.BSCAN_I/sel                                                                                                                                                                     |                                                                                                                                           |                2 |              6 |         3.00 |
|  TP2_i/clk_wiz_1/inst/clk_out1                        | TP2_i/rst_clk_wiz_1_100M/U0/SEQ/seq_cnt_en                                                                                                                                                            | TP2_i/rst_clk_wiz_1_100M/U0/SEQ/SEQ_COUNTER/clear                                                                                         |                1 |              6 |         6.00 |
|  TP2_i/mdm_1/U0/No_Dbg_Reg_Access.BUFG_DRCK/Dbg_Clk_0 | TP2_i/microblaze_0/U0/MicroBlaze_Core_I/Performance.Core/Use_Debug_Logic.Master_Core.Debug_Perf/Using_PC_Breakpoints.All_PC_Brks[0].Serial_Interface_1.address_hit_I/Compare[0].SRLC16E_I/which_pc__0 |                                                                                                                                           |                7 |              8 |         1.14 |
|  TP2_i/mdm_1/U0/No_Dbg_Reg_Access.BUFG_DRCK/Dbg_Clk_0 | TP2_i/mdm_1/U0/MDM_Core_I1/JTAG_CONTROL_I/tdi_shifter0                                                                                                                                                |                                                                                                                                           |                4 |              8 |         2.00 |
|  TP2_i/clk_wiz_1/inst/clk_out1                        | TP2_i/boutons/U0/AXI_LITE_IPIF_I/I_SLAVE_ATTACHMENT/bus2ip_addr_i[8]_i_1_n_0                                                                                                                          | TP2_i/boutons/U0/AXI_LITE_IPIF_I/I_SLAVE_ATTACHMENT/SR[0]                                                                                 |                2 |              8 |         4.00 |
|  TP2_i/mdm_1/U0/Use_E2.BSCAN_I/Dbg_Update_0_BUFG      | TP2_i/mdm_1/U0/MDM_Core_I1/JTAG_CONTROL_I/Use_BSCAN.FDC_I/command_10                                                                                                                                  |                                                                                                                                           |                1 |              8 |         8.00 |
| ~TP2_i/mdm_1/U0/Use_E2.BSCAN_I/Dbg_Update_0_BUFG      | TP2_i/mdm_1/U0/MDM_Core_I1/JTAG_CONTROL_I/Use_BSCAN.command[0]_i_1_n_0                                                                                                                                |                                                                                                                                           |                2 |              8 |         4.00 |
|  TP2_i/clk_wiz_1/inst/clk_out1                        | TP2_i/microblaze_0_axi_intc/U0/AXI_LITE_IPIF_I/I_SLAVE_ATTACHMENT/bus2ip_addr_i[8]_i_1_n_0                                                                                                            | TP2_i/microblaze_0_axi_intc/U0/AXI_LITE_IPIF_I/I_SLAVE_ATTACHMENT/rst                                                                     |                2 |              8 |         4.00 |
|  TP2_i/clk_wiz_1/inst/clk_out1                        | TP2_i/led_switch/U0/AXI_LITE_IPIF_I/I_SLAVE_ATTACHMENT/bus2ip_addr_i[8]_i_1_n_0                                                                                                                       | TP2_i/led_switch/U0/AXI_LITE_IPIF_I/I_SLAVE_ATTACHMENT/SR[0]                                                                              |                2 |              8 |         4.00 |
|  TP2_i/mdm_1/U0/No_Dbg_Reg_Access.BUFG_DRCK/Dbg_Clk_0 | TP2_i/mdm_1/U0/MDM_Core_I1/JTAG_CONTROL_I/Use_BSCAN.FDC_I/Use_Serial_Unified_Completion.completion_block_reg                                                                                          |                                                                                                                                           |                4 |             10 |         2.50 |
|  TP2_i/clk_wiz_1/inst/clk_out1                        |                                                                                                                                                                                                       | TP2_i/microblaze_0_axi_intc/U0/AXI_LITE_IPIF_I/I_SLAVE_ATTACHMENT/rst                                                                     |                5 |             11 |         2.20 |
|  TP2_i/clk_wiz_1/inst/clk_out1                        |                                                                                                                                                                                                       | TP2_i/microblaze_0_axi_periph/xbar/inst/gen_sasd.crossbar_sasd_0/addr_arbiter_inst/SR[0]                                                  |                5 |             13 |         2.60 |
|  TP2_i/clk_wiz_1/inst/clk_out1                        | TP2_i/microblaze_0_axi_periph/xbar/inst/gen_sasd.crossbar_sasd_0/reg_slice_r/aa_rready                                                                                                                |                                                                                                                                           |                6 |             15 |         2.50 |
|  TP2_i/clk_wiz_1/inst/clk_out1                        | TP2_i/microblaze_0/U0/MicroBlaze_Core_I/Performance.Core/Decode_I/PreFetch_Buffer_I1/Instruction_Prefetch_Mux[4].Gen_Instr_DFF/E[0]                                                                   | TP2_i/microblaze_0/U0/MicroBlaze_Core_I/sync_reset                                                                                        |                7 |             16 |         2.29 |
|  TP2_i/clk_wiz_1/inst/clk_out1                        | TP2_i/led_switch/U0/AXI_LITE_IPIF_I/I_SLAVE_ATTACHMENT/s_axi_rresp_i                                                                                                                                  | TP2_i/led_switch/U0/AXI_LITE_IPIF_I/I_SLAVE_ATTACHMENT/SR[0]                                                                              |                3 |             18 |         6.00 |
|  TP2_i/clk_wiz_1/inst/clk_out1                        | TP2_i/microblaze_0_axi_intc/U0/AXI_LITE_IPIF_I/I_SLAVE_ATTACHMENT/start2                                                                                                                              | TP2_i/microblaze_0_axi_intc/U0/AXI_LITE_IPIF_I/I_SLAVE_ATTACHMENT/I_DECODER/cs_ce_clr                                                     |                6 |             19 |         3.17 |
|  TP2_i/clk_wiz_1/inst/clk_out1                        |                                                                                                                                                                                                       | TP2_i/led_switch/U0/AXI_LITE_IPIF_I/I_SLAVE_ATTACHMENT/I_DECODER/Read_Reg_Rst                                                             |                3 |             20 |         6.67 |
|  TP2_i/clk_wiz_1/inst/clk_out1                        | TP2_i/boutons/U0/AXI_LITE_IPIF_I/I_SLAVE_ATTACHMENT/start2                                                                                                                                            | TP2_i/boutons/U0/AXI_LITE_IPIF_I/I_SLAVE_ATTACHMENT/I_DECODER/cs_ce_clr                                                                   |                3 |             21 |         7.00 |
|  TP2_i/clk_wiz_1/inst/clk_out1                        | TP2_i/microblaze_0/U0/MicroBlaze_Core_I/Performance.Core/Decode_I/mem_wait_on_ready_N_carry_or/MUXCY_I/lopt_1                                                                                         | TP2_i/microblaze_0/U0/MicroBlaze_Core_I/sync_reset                                                                                        |                9 |             21 |         2.33 |
|  TP2_i/clk_wiz_1/inst/clk_out1                        | TP2_i/led_switch/U0/AXI_LITE_IPIF_I/I_SLAVE_ATTACHMENT/start2                                                                                                                                         | TP2_i/led_switch/U0/AXI_LITE_IPIF_I/I_SLAVE_ATTACHMENT/I_DECODER/cs_ce_clr                                                                |                4 |             21 |         5.25 |
|  TP2_i/clk_wiz_1/inst/clk_out1                        | TP2_i/microblaze_0_axi_periph/xbar/inst/gen_sasd.crossbar_sasd_0/addr_arbiter_inst/p_0_in1_in                                                                                                         | TP2_i/microblaze_0_axi_periph/xbar/inst/gen_sasd.crossbar_sasd_0/addr_arbiter_inst/SR[0]                                                  |                7 |             23 |         3.29 |
|  TP2_i/mdm_1/U0/No_Dbg_Reg_Access.BUFG_DRCK/Dbg_Clk_0 |                                                                                                                                                                                                       | TP2_i/mdm_1/U0/Use_E2.BSCAN_I/Use_E2.BSCANE2_I_0                                                                                          |                5 |             23 |         4.60 |
|  TP2_i/clk_wiz_1/inst/clk_out1                        |                                                                                                                                                                                                       | TP2_i/microblaze_0_axi_intc/U0/INTC_CORE_I/SR[0]                                                                                          |                9 |             26 |         2.89 |
|  TP2_i/clk_wiz_1/inst/clk_out1                        | TP2_i/microblaze_0_axi_intc/U0/AXI_LITE_IPIF_I/I_SLAVE_ATTACHMENT/s_axi_rresp_i                                                                                                                       | TP2_i/microblaze_0_axi_intc/U0/AXI_LITE_IPIF_I/I_SLAVE_ATTACHMENT/rst                                                                     |               10 |             32 |         3.20 |
|  TP2_i/clk_wiz_1/inst/clk_out1                        | TP2_i/microblaze_0_axi_intc/U0/INTC_CORE_I/irq                                                                                                                                                        |                                                                                                                                           |                5 |             32 |         6.40 |
|  TP2_i/clk_wiz_1/inst/clk_out1                        | TP2_i/microblaze_0_axi_periph/xbar/inst/gen_sasd.crossbar_sasd_0/addr_arbiter_inst/s_axi_rvalid[0]                                                                                                    | TP2_i/microblaze_0/U0/MicroBlaze_Core_I/sync_reset                                                                                        |                9 |             32 |         3.56 |
|  TP2_i/clk_wiz_1/inst/clk_out1                        | TP2_i/microblaze_0/U0/MicroBlaze_Core_I/Performance.Core/Decode_I/Use_MuxCy[3].OF_Piperun_Stage/MUXCY_I/Using_FPGA.Native_0                                                                           | TP2_i/microblaze_0/U0/MicroBlaze_Core_I/Performance.Core/Decode_I/R                                                                       |               11 |             32 |         2.91 |
|  TP2_i/clk_wiz_1/inst/clk_out1                        | TP2_i/microblaze_0/U0/MicroBlaze_Core_I/Performance.Core/Decode_I/Use_MuxCy[3].OF_Piperun_Stage/MUXCY_I/E[0]                                                                                          | TP2_i/microblaze_0/U0/MicroBlaze_Core_I/sync_reset                                                                                        |                5 |             32 |         6.40 |
|  TP2_i/clk_wiz_1/inst/clk_out1                        | TP2_i/microblaze_0/U0/MicroBlaze_Core_I/Performance.Core/Decode_I/mem_wait_on_ready_N_carry_or/MUXCY_I/lopt_1                                                                                         | TP2_i/microblaze_0/U0/MicroBlaze_Core_I/Performance.Core/Decode_I/SR[0]                                                                   |               11 |             32 |         2.91 |
|  TP2_i/clk_wiz_1/inst/clk_out1                        | TP2_i/microblaze_0/U0/MicroBlaze_Core_I/Performance.Core/Use_Debug_Logic.Master_Core.Debug_Perf/data_rd_reg[0]_i_1_n_0                                                                                | TP2_i/microblaze_0/U0/MicroBlaze_Core_I/sync_reset                                                                                        |                9 |             32 |         3.56 |
|  TP2_i/clk_wiz_1/inst/clk_out1                        | TP2_i/microblaze_0/U0/MicroBlaze_Core_I/Performance.Core/Decode_I/PreFetch_Buffer_I1/Gen_Mux_Select_LUT6[2].Gen_Sel_DFF/Using_FPGA.Native_1[0]                                                        | TP2_i/microblaze_0/U0/MicroBlaze_Core_I/sync_reset                                                                                        |                7 |             32 |         4.57 |
|  TP2_i/mdm_1/U0/No_Dbg_Reg_Access.BUFG_DRCK/Dbg_Clk_0 | TP2_i/microblaze_0/U0/MicroBlaze_Core_I/Performance.Core/Use_Debug_Logic.Master_Core.Debug_Perf/New_Dbg_Instr_TCK                                                                                     |                                                                                                                                           |                7 |             32 |         4.57 |
|  TP2_i/clk_wiz_1/inst/clk_out1                        | TP2_i/led_switch/U0/AXI_LITE_IPIF_I/I_SLAVE_ATTACHMENT/I_DECODER/bus2ip_rnw_i_reg[0]                                                                                                                  | TP2_i/led_switch/U0/AXI_LITE_IPIF_I/I_SLAVE_ATTACHMENT/SR[0]                                                                              |                6 |             32 |         5.33 |
|  TP2_i/clk_wiz_1/inst/clk_out1                        |                                                                                                                                                                                                       | TP2_i/microblaze_0/U0/MicroBlaze_Core_I/Performance.Core/wb_dlmb_valid_read_data0                                                         |               10 |             32 |         3.20 |
|  TP2_i/clk_wiz_1/inst/clk_out1                        | TP2_i/microblaze_0_axi_periph/xbar/inst/gen_sasd.crossbar_sasd_0/addr_arbiter_inst/E[0]                                                                                                               |                                                                                                                                           |                7 |             33 |         4.71 |
|  TP2_i/clk_wiz_1/inst/clk_out1                        | TP2_i/microblaze_0/U0/MicroBlaze_Core_I/Performance.Core/Decode_I/mem_wait_on_ready_N_carry_or/MUXCY_I/lopt_1                                                                                         |                                                                                                                                           |                6 |             34 |         5.67 |
|  TP2_i/clk_wiz_1/inst/clk_out1                        |                                                                                                                                                                                                       | TP2_i/boutons/U0/AXI_LITE_IPIF_I/I_SLAVE_ATTACHMENT/SR[0]                                                                                 |               13 |             41 |         3.15 |
|  TP2_i/mdm_1/U0/No_Dbg_Reg_Access.BUFG_DRCK/Dbg_Clk_0 | TP2_i/mdm_1/U0/Use_E2.BSCAN_I/Use_BSCAN.PORT_Selector_reg[0]                                                                                                                                          |                                                                                                                                           |               14 |             47 |         3.36 |
|  TP2_i/clk_wiz_1/inst/clk_out1                        |                                                                                                                                                                                                       | TP2_i/led_switch/U0/AXI_LITE_IPIF_I/I_SLAVE_ATTACHMENT/SR[0]                                                                              |               15 |             56 |         3.73 |
|  TP2_i/clk_wiz_1/inst/clk_out1                        | TP2_i/microblaze_0_axi_intc/U0/AXI_LITE_IPIF_I/I_SLAVE_ATTACHMENT/I_DECODER/GEN_BKEND_CE_REGISTERS[16].ce_out_i_reg[16]_0[0]                                                                          |                                                                                                                                           |                8 |             64 |         8.00 |
|  TP2_i/clk_wiz_1/inst/clk_out1                        | TP2_i/microblaze_0/U0/MicroBlaze_Core_I/Performance.Core/Decode_I/PreFetch_Buffer_I1/Instruction_Prefetch_Mux[42].Instr_Mux_MUXF7/IReady_0                                                            |                                                                                                                                           |               10 |             75 |         7.50 |
|  TP2_i/clk_wiz_1/inst/clk_out1                        | TP2_i/microblaze_0/U0/MicroBlaze_Core_I/Performance.Core/Decode_I/Use_MuxCy[3].OF_Piperun_Stage/MUXCY_I/Using_FPGA.Native_0                                                                           | TP2_i/microblaze_0/U0/MicroBlaze_Core_I/sync_reset                                                                                        |               35 |             80 |         2.29 |
|  TP2_i/mdm_1/U0/No_Dbg_Reg_Access.BUFG_DRCK/Dbg_Clk_0 |                                                                                                                                                                                                       |                                                                                                                                           |               31 |             80 |         2.58 |
|  TP2_i/clk_wiz_1/inst/clk_out1                        | TP2_i/microblaze_0/U0/MicroBlaze_Core_I/Performance.Core/Decode_I/WB_GPR_Wr                                                                                                                           |                                                                                                                                           |               16 |            128 |         8.00 |
|  TP2_i/clk_wiz_1/inst/clk_out1                        |                                                                                                                                                                                                       | TP2_i/microblaze_0/U0/MicroBlaze_Core_I/sync_reset                                                                                        |               64 |            157 |         2.45 |
|  TP2_i/clk_wiz_1/inst/clk_out1                        | TP2_i/microblaze_0/U0/MicroBlaze_Core_I/Performance.Core/Decode_I/Use_MuxCy[11].OF_Piperun_Stage/MUXCY_I/Using_FPGA.Native_0                                                                          | TP2_i/microblaze_0/U0/MicroBlaze_Core_I/sync_reset                                                                                        |               78 |            221 |         2.83 |
|  TP2_i/clk_wiz_1/inst/clk_out1                        |                                                                                                                                                                                                       |                                                                                                                                           |               67 |            245 |         3.66 |
+-------------------------------------------------------+-------------------------------------------------------------------------------------------------------------------------------------------------------------------------------------------------------+-------------------------------------------------------------------------------------------------------------------------------------------+------------------+----------------+--------------+


